\BOOKMARK [0][-]{chapter.1}{\376\377\000I\000n\000t\000r\000o\000d\000u\000c\000e\000r\000e}{}% 1
\BOOKMARK [1][-]{section.1.1}{\376\377\000C\000o\000n\000t\000e\000x\000t\000u\000l\000\040\002\031\000i\000\040\000M\000o\000t\000i\000v\000a\002\033\000i\000a\000\040\000P\000r\000o\000i\000e\000c\000t\000u\000l\000u\000i}{chapter.1}% 2
\BOOKMARK [1][-]{section.1.2}{\376\377\000O\000b\000i\000e\000c\000t\000i\000v\000e\000l\000e\000\040\000L\000u\000c\000r\001\003\000r\000i\000i}{chapter.1}% 3
\BOOKMARK [1][-]{section.1.3}{\376\377\000C\000o\000n\000t\000r\000i\000b\000u\002\033\000i\000a\000\040\000P\000r\000o\000p\000r\000i\000e}{chapter.1}% 4
\BOOKMARK [1][-]{section.1.4}{\376\377\000S\000t\000r\000u\000c\000t\000u\000r\000a\000\040\000L\000u\000c\000r\001\003\000r\000i\000i}{chapter.1}% 5
\BOOKMARK [0][-]{chapter.2}{\376\377\000A\000r\000h\000i\000t\000e\000c\000t\000u\000r\000a\000\040\000S\000i\000s\000t\000e\000m\000u\000l\000u\000i}{}% 6
\BOOKMARK [1][-]{section.2.1}{\376\377\000V\000i\000z\000i\000u\000n\000e\000a\000\040\000A\000r\000h\000i\000t\000e\000c\000t\000u\000r\000a\000l\001\003}{chapter.2}% 7
\BOOKMARK [2][-]{subsection.2.1.1}{\376\377\000P\000r\000i\000n\000c\000i\000p\000i\000u\000l\000\040\000L\000o\000c\000a\000l\000-\000F\000i\000r\000s\000t}{section.2.1}% 8
\BOOKMARK [2][-]{subsection.2.1.2}{\376\377\000C\000o\000n\000f\000i\000d\000e\000n\002\033\000i\000a\000l\000i\000t\000a\000t\000e\000a\000\040\000p\000r\000i\000n\000\040\000P\000r\000o\000i\000e\000c\000t\000a\000r\000e}{section.2.1}% 9
\BOOKMARK [2][-]{subsection.2.1.3}{\376\377\000I\000n\000t\000e\000l\000i\000g\000e\000n\002\033\000a\000\040\000l\000a\000\040\000M\000a\000r\000g\000i\000n\000e\000a\000\040\000R\000e\002\033\000e\000l\000e\000i\000\040\000f\000a\002\033\001\003\000\040\000d\000e\000\040\000I\000n\000t\000e\000l\000i\000g\000e\000n\002\033\000a\000\040\000\356\000n\000\040\000C\000l\000o\000u\000d}{section.2.1}% 10
\BOOKMARK [1][-]{section.2.2}{\376\377\000A\000r\000h\000i\000t\000e\000c\000t\000u\000r\000a\000\040\000p\000e\000\040\000S\000t\000r\000a\000t\000u\000r\000i}{chapter.2}% 11
\BOOKMARK [2][-]{subsection.2.2.1}{\376\377\000S\000t\000r\000a\000t\000u\000l\000\040\0001\000\040\040\024\000\040\000S\000e\000n\000z\000o\000r\000i\000\040\002\031\000i\000\040\000A\000c\000t\000u\000a\000t\000o\000r\000i}{section.2.2}% 12
\BOOKMARK [2][-]{subsection.2.2.2}{\376\377\000S\000t\000r\000a\000t\000u\000l\000\040\0002\000\040\040\024\000\040\000N\000o\000d\000u\000r\000i\000\040\000E\000S\000P\0003\0002}{section.2.2}% 13
\BOOKMARK [2][-]{subsection.2.2.3}{\376\377\000S\000t\000r\000a\000t\000u\000l\000\040\0003\000\040\040\024\000\040\000G\000a\000t\000e\000w\000a\000y\000\040\000R\000a\000s\000p\000b\000e\000r\000r\000y\000\040\000P\000i\000\040\0003\000B\000+}{section.2.2}% 14
\BOOKMARK [2][-]{subsection.2.2.4}{\376\377\000S\000t\000r\000a\000t\000u\000l\000\040\0004\000\040\040\024\000\040\000B\000a\000c\000k\000e\000n\000d\000\040\000A\000P\000I\000\040\000N\000e\000s\000t\000J\000S}{section.2.2}% 15
\BOOKMARK [2][-]{subsection.2.2.5}{\376\377\000S\000t\000r\000a\000t\000u\000l\000\040\0005\000\040\040\024\000\040\000A\000p\000l\000i\000c\000a\002\033\000i\000a\000\040\000M\000o\000b\000i\000l\001\003\000\040\000R\000e\000a\000c\000t\000\040\000N\000a\000t\000i\000v\000e\000/\000E\000x\000p\000o}{section.2.2}% 16
\BOOKMARK [1][-]{section.2.3}{\376\377\000F\000l\000u\000x\000u\000l\000\040\000d\000e\000\040\000D\000a\000t\000e\000\040\000\050\000E\000n\000d\000-\000t\000o\000-\000E\000n\000d\000\051}{chapter.2}% 17
\BOOKMARK [2][-]{subsection.2.3.1}{\376\377\000F\000l\000u\000x\000u\000l\000\040\000d\000e\000\040\000M\000o\000n\000i\000t\000o\000r\000i\000z\000a\000r\000e\000\040\000\050\000S\000e\000n\000z\000o\000r\000i\000\040\000\040\000M\000o\000b\000i\000l\000\051}{section.2.3}% 18
\BOOKMARK [2][-]{subsection.2.3.2}{\376\377\000F\000l\000u\000x\000u\000l\000\040\000d\000e\000\040\000C\000o\000m\000a\000n\000d\001\003\000\040\000\050\000M\000o\000b\000i\000l\000\040\000\040\000A\000c\000t\000u\000a\000t\000o\000r\000\051}{section.2.3}% 19
\BOOKMARK [2][-]{subsection.2.3.3}{\376\377\000F\000l\000u\000x\000u\000l\000\040\000d\000e\000\040\000A\000l\000e\000r\000t\000a\000r\000e\000\040\000\050\000A\000n\000o\000m\000a\000l\000i\000e\000\040\000M\000L\000\040\000\040\000N\000o\000t\000i\000f\000i\000c\000a\000r\000e\000\051}{section.2.3}% 20
\BOOKMARK [1][-]{section.2.4}{\376\377\000A\000l\000e\000g\000e\000r\000e\000a\000\040\000T\000e\000h\000n\000o\000l\000o\000g\000i\000i\000l\000o\000r}{chapter.2}% 21
\BOOKMARK [2][-]{subsection.2.4.1}{\376\377\000N\000e\000s\000t\000J\000S\000\040\000f\000a\002\033\001\003\000\040\000d\000e\000\040\000a\000l\000t\000e\000r\000n\000a\000t\000i\000v\000e\000l\000e\000\040\000b\000a\000c\000k\000e\000n\000d}{section.2.4}% 22
\BOOKMARK [2][-]{subsection.2.4.2}{\376\377\000R\000e\000a\000c\000t\000\040\000N\000a\000t\000i\000v\000e\000\040\000f\000a\002\033\001\003\000\040\000d\000e\000\040\000F\000l\000u\000t\000t\000e\000r}{section.2.4}% 23
\BOOKMARK [2][-]{subsection.2.4.3}{\376\377\000M\000Q\000T\000T\000\040\000f\000a\002\033\001\003\000\040\000d\000e\000\040\000H\000T\000T\000P\000\040\000p\000o\000l\000l\000i\000n\000g}{section.2.4}% 24
\BOOKMARK [2][-]{subsection.2.4.4}{\376\377\000T\000i\000m\000e\000s\000c\000a\000l\000e\000D\000B\000\040\000f\000a\002\033\001\003\000\040\000d\000e\000\040\000P\000o\000s\000t\000g\000r\000e\000S\000Q\000L\000\040\000s\000i\000m\000p\000l\000u}{section.2.4}% 25
\BOOKMARK [2][-]{subsection.2.4.5}{\376\377\000I\000s\000o\000l\000a\000t\000i\000o\000n\000\040\000F\000o\000r\000e\000s\000t\000\040\000f\000a\002\033\001\003\000\040\000d\000e\000\040\000r\000e\000g\000u\000l\000i\000\040\000c\000u\000\040\000p\000r\000a\000g\000u\000r\000i\000\040\000f\000i\000x\000e}{section.2.4}% 26
\BOOKMARK [1][-]{section.2.5}{\376\377\000C\000o\000n\000s\000i\000d\000e\000r\000a\002\033\000i\000i\000\040\000d\000e\000\040\000S\000e\000c\000u\000r\000i\000t\000a\000t\000e}{chapter.2}% 27
\BOOKMARK [0][-]{chapter.3}{\376\377\000I\000m\000p\000l\000e\000m\000e\000n\000t\000a\000r\000e\000a\000\040\000H\000a\000r\000d\000w\000a\000r\000e}{}% 28
\BOOKMARK [1][-]{section.3.1}{\376\377\000P\000r\000e\000z\000e\000n\000t\000a\000r\000e\000\040\000G\000e\000n\000e\000r\000a\000l\001\003}{chapter.3}% 29
\BOOKMARK [1][-]{section.3.2}{\376\377\000M\000i\000c\000r\000o\000c\000o\000n\000t\000r\000o\000l\000e\000r\000e\000\040\000U\000t\000i\000l\000i\000z\000a\000t\000e}{chapter.3}% 30
\BOOKMARK [2][-]{subsection.3.2.1}{\376\377\000E\000S\000P\0003\0002\000\040\000W\000R\000O\000O\000M\000-\0003\0002\000\040\040\024\000\040\000N\000o\000d\000u\000l\000\040\000d\000e\000\040\000S\000e\000n\000z\000o\000r\000i}{section.3.2}% 31
\BOOKMARK [2][-]{subsection.3.2.2}{\376\377\000E\000S\000P\0003\0002\000-\000C\000A\000M\000\040\000A\000I\000-\000T\000h\000i\000n\000k\000e\000r\000\040\040\024\000\040\000N\000o\000d\000u\000l\000\040\000C\000a\000m\000e\000r\001\003}{section.3.2}% 32
\BOOKMARK [1][-]{section.3.3}{\376\377\000S\000e\000n\000z\000o\000r\000i\000\040\000U\000t\000i\000l\000i\000z\000a\002\033\000i}{chapter.3}% 33
\BOOKMARK [2][-]{subsection.3.3.1}{\376\377\000D\000H\000T\0002\0002\000\040\040\024\000\040\000T\000e\000m\000p\000e\000r\000a\000t\000u\000r\001\003\000\040\002\031\000i\000\040\000U\000m\000i\000d\000i\000t\000a\000t\000e}{section.3.3}% 34
\BOOKMARK [2][-]{subsection.3.3.2}{\376\377\000M\000Q\000-\0002\000\040\040\024\000\040\000G\000a\000z\000\040\002\031\000i\000\040\000F\000u\000m}{section.3.3}% 35
\BOOKMARK [2][-]{subsection.3.3.3}{\376\377\000H\000C\000-\000S\000R\0005\0000\0001\000\040\040\024\000\040\000M\000i\002\031\000c\000a\000r\000e\000\040\000P\000I\000R}{section.3.3}% 36
\BOOKMARK [2][-]{subsection.3.3.4}{\376\377\000B\000H\0001\0007\0005\0000\000\040\040\024\000\040\000L\000u\000m\000i\000n\001\003\000\040\000A\000m\000b\000i\000e\000n\000t\000a\000l\001\003}{section.3.3}% 37
\BOOKMARK [1][-]{section.3.4}{\376\377\000A\000c\000t\000u\000a\000t\000o\000r\000i\000\040\000U\000t\000i\000l\000i\000z\000a\002\033\000i}{chapter.3}% 38
\BOOKMARK [2][-]{subsection.3.4.1}{\376\377\000M\000o\000d\000u\000l\000u\000l\000\040\000R\000e\000l\000e\000u\000\040\0004\000\040\000C\000a\000n\000a\000l\000e}{section.3.4}% 39
\BOOKMARK [2][-]{subsection.3.4.2}{\376\377\000B\000u\000z\000z\000e\000r\000\040\000A\000c\000t\000i\000v}{section.3.4}% 40
\BOOKMARK [2][-]{subsection.3.4.3}{\376\377\000S\000e\000r\000v\000o\000m\000o\000t\000o\000r\000u\000l\000\040\000S\000G\0009\0000\000\040\040\024\000\040\000C\000o\000n\000t\000r\000o\000l\000\040\000P\000e\000r\000d\000e\000l\000e}{section.3.4}% 41
\BOOKMARK [1][-]{section.3.5}{\376\377\000S\000c\000h\000e\000m\000a\000\040\000d\000e\000\040\000C\000o\000n\000e\000x\000i\000u\000n\000i}{chapter.3}% 42
\BOOKMARK [1][-]{section.3.6}{\376\377\000A\000l\000i\000m\000e\000n\000t\000a\000r\000e\000a\000\040\000S\000i\000s\000t\000e\000m\000u\000l\000u\000i}{chapter.3}% 43
\BOOKMARK [1][-]{section.3.7}{\376\377\000N\000o\000d\000u\000l\000\040\000C\000a\000m\000e\000r\001\003\000\040\000E\000S\000P\0003\0002\000-\000C\000A\000M\000\040\040\024\000\040\000P\000r\000o\000g\000r\000a\000m\000a\000r\000e\000\040\002\031\000i\000\040\000C\000o\000n\000f\000i\000g\000u\000r\000a\000r\000e}{chapter.3}% 44
\BOOKMARK [1][-]{section.3.8}{\376\377\000C\000o\000n\000s\000i\000d\000e\000r\000a\002\033\000i\000i\000\040\000P\000r\000a\000c\000t\000i\000c\000e\000\040\000p\000e\000n\000t\000r\000u\000\040\000B\000r\000e\000a\000d\000b\000o\000a\000r\000d}{chapter.3}% 45
\BOOKMARK [0][-]{chapter.4}{\376\377\000I\000m\000p\000l\000e\000m\000e\000n\000t\000a\000r\000e\000a\000\040\000S\000o\000f\000t\000w\000a\000r\000e}{}% 46
\BOOKMARK [0][-]{chapter.5}{\376\377\000D\000e\000t\000e\000c\002\033\000i\000a\000\040\000A\000n\000o\000m\000a\000l\000i\000i\000l\000o\000r\000\040\000p\000r\000i\000n\000\040\000M\000a\000c\000h\000i\000n\000e\000\040\000L\000e\000a\000r\000n\000i\000n\000g}{}% 47
\BOOKMARK [0][-]{chapter.6}{\376\377\000T\000e\000s\000t\000a\000r\000e\000\040\002\031\000i\000\040\000E\000v\000a\000l\000u\000a\000r\000e}{}% 48
\BOOKMARK [0][-]{chapter*.4}{\376\377\000C\000o\000n\000c\000l\000u\000z\000i\000i}{}% 49
\BOOKMARK [0][-]{chapter*.5}{\376\377\000B\000i\000b\000l\000i\000o\000g\000r\000a\000f\000i\000e}{}% 50
